#-----------------------------------------------------------
# Vivado v2022.2 (64-bit)
# SW Build 3671981 on Fri Oct 14 04:59:54 MDT 2022
# IP Build 3669848 on Fri Oct 14 08:30:02 MDT 2022
# Start of session at: Tue May 13 18:44:42 2025
# Process ID: 7186
# Current directory: /home/user/Desktop/Styx_airbornesonar/Styx_airbornesonar.runs/top_level_processing_system7_0_0_synth_1
# Command line: vivado -log top_level_processing_system7_0_0.vds -product Vivado -mode batch -messageDb vivado.pb -notrace -source top_level_processing_system7_0_0.tcl
# Log file: /home/user/Desktop/Styx_airbornesonar/Styx_airbornesonar.runs/top_level_processing_system7_0_0_synth_1/top_level_processing_system7_0_0.vds
# Journal file: /home/user/Desktop/Styx_airbornesonar/Styx_airbornesonar.runs/top_level_processing_system7_0_0_synth_1/vivado.jou
# Running On: 023bdefaf062, OS: Linux, CPU Frequency: , CPU Physical cores: 1, Host memory: 18833 MB
#-----------------------------------------------------------
source top_level_processing_system7_0_0.tcl -notrace
